// Jest Snapshot v1, https://goo.gl/fbAQLP

exports[`HomeContainer container HomeContainer should match the snapshot with the data passed in 1`] = `
ShallowWrapper {
  Symbol(enzyme.__root__): [Circular],
  Symbol(enzyme.__unrendered__): <HomeContainer
    items={
      Array [
        Object {
          "brand": "",
          "category": "Filters",
          "id": "JK1234",
          "lastReplaced": "",
          "model": "",
          "name": "Refrigerator Water Filter",
          "purchaseLocation": "",
          "recommendation": "6 months",
          "room": "Kitchen",
          "type": "Replace",
          "userScheduled": "",
        },
        Object {
          "brand": "",
          "category": "Sponges",
          "id": "IF1234",
          "lastReplaced": "",
          "model": "",
          "name": "Sponge",
          "purchaseLocation": "",
          "recommendation": "2-4 weeks",
          "room": "Kitchen",
          "type": "Replace",
          "userScheduled": "",
        },
        Object {
          "brand": "",
          "category": "Toothbrush",
          "id": "PF123",
          "lastReplaced": "",
          "model": "",
          "name": "Toothbrush",
          "purchaseLocation": "",
          "recommendation": "1-3 months",
          "room": "Bathroom",
          "type": "Replace",
          "userScheduled": "",
        },
      ]
    }
  />,
  Symbol(enzyme.__renderer__): Object {
    "batchedUpdates": [Function],
    "checkPropTypes": [Function],
    "getNode": [Function],
    "render": [Function],
    "simulateError": [Function],
    "simulateEvent": [Function],
    "unmount": [Function],
  },
  Symbol(enzyme.__node__): Object {
    "instance": null,
    "key": undefined,
    "nodeType": "host",
    "props": Object {
      "children": Array [
        <h3>
          Schedule reminders for items around your home
        </h3>,
        <div>
          <h4>
            Upcoming Reminders
          </h4>
        </div>,
      ],
      "className": "home-container",
    },
    "ref": null,
    "rendered": Array [
      Object {
        "instance": null,
        "key": undefined,
        "nodeType": "host",
        "props": Object {
          "children": "Schedule reminders for items around your home",
        },
        "ref": null,
        "rendered": "Schedule reminders for items around your home",
        "type": "h3",
      },
      Object {
        "instance": null,
        "key": undefined,
        "nodeType": "host",
        "props": Object {
          "children": Array [
            <h4>
              Upcoming Reminders
            </h4>,
            Array [],
          ],
        },
        "ref": null,
        "rendered": Array [
          Object {
            "instance": null,
            "key": undefined,
            "nodeType": "host",
            "props": Object {
              "children": "Upcoming Reminders",
            },
            "ref": null,
            "rendered": "Upcoming Reminders",
            "type": "h4",
          },
        ],
        "type": "div",
      },
    ],
    "type": "div",
  },
  Symbol(enzyme.__nodes__): Array [
    Object {
      "instance": null,
      "key": undefined,
      "nodeType": "host",
      "props": Object {
        "children": Array [
          <h3>
            Schedule reminders for items around your home
          </h3>,
          <div>
            <h4>
              Upcoming Reminders
            </h4>
          </div>,
        ],
        "className": "home-container",
      },
      "ref": null,
      "rendered": Array [
        Object {
          "instance": null,
          "key": undefined,
          "nodeType": "host",
          "props": Object {
            "children": "Schedule reminders for items around your home",
          },
          "ref": null,
          "rendered": "Schedule reminders for items around your home",
          "type": "h3",
        },
        Object {
          "instance": null,
          "key": undefined,
          "nodeType": "host",
          "props": Object {
            "children": Array [
              <h4>
                Upcoming Reminders
              </h4>,
              Array [],
            ],
          },
          "ref": null,
          "rendered": Array [
            Object {
              "instance": null,
              "key": undefined,
              "nodeType": "host",
              "props": Object {
                "children": "Upcoming Reminders",
              },
              "ref": null,
              "rendered": "Upcoming Reminders",
              "type": "h4",
            },
          ],
          "type": "div",
        },
      ],
      "type": "div",
    },
  ],
  Symbol(enzyme.__options__): Object {
    "adapter": ReactSixteenAdapter {
      "options": Object {
        "enableComponentDidUpdateOnSetState": true,
        "legacyContextMode": "parent",
        "lifecycles": Object {
          "componentDidUpdate": Object {
            "onSetState": true,
          },
          "getChildContext": Object {
            "calledByRenderer": false,
          },
          "getDerivedStateFromError": true,
          "getDerivedStateFromProps": Object {
            "hasShouldComponentUpdateBug": false,
          },
          "getSnapshotBeforeUpdate": true,
          "setState": Object {
            "skipsComponentDidUpdateOnNullish": true,
          },
        },
      },
    },
  },
  Symbol(enzyme.__childContext__): null,
}
`;
