// Jest Snapshot v1, https://goo.gl/fbAQLP

exports[`Audit container Audit should match the snapshot with the data passed in 1`] = `
ShallowWrapper {
  Symbol(enzyme.__root__): [Circular],
  Symbol(enzyme.__unrendered__): <Audit
    items={
      Array [
        Object {
          "brand": "",
          "category": "Filters",
          "id": "JK1234",
          "lastReplaced": "",
          "model": "",
          "name": "Refrigerator Water Filter",
          "purchaseLocation": "",
          "recommendation": "6 months",
          "room": "Kitchen",
          "type": "Replace",
          "userScheduled": "",
        },
        Object {
          "brand": "",
          "category": "Sponges",
          "id": "IF1234",
          "lastReplaced": "",
          "model": "",
          "name": "Sponge",
          "purchaseLocation": "",
          "recommendation": "2-4 weeks",
          "room": "Kitchen",
          "type": "Replace",
          "userScheduled": "",
        },
        Object {
          "brand": "",
          "category": "Toothbrush",
          "id": "PF123",
          "lastReplaced": "",
          "model": "",
          "name": "Toothbrush",
          "purchaseLocation": "",
          "recommendation": "1-3 months",
          "room": "Bathroom",
          "type": "Replace",
          "userScheduled": "",
        },
      ]
    }
  />,
  Symbol(enzyme.__renderer__): Object {
    "batchedUpdates": [Function],
    "checkPropTypes": [Function],
    "getNode": [Function],
    "render": [Function],
    "simulateError": [Function],
    "simulateEvent": [Function],
    "unmount": [Function],
  },
  Symbol(enzyme.__node__): Object {
    "instance": null,
    "key": undefined,
    "nodeType": "host",
    "props": Object {
      "children": Array [
        <h2>
          Home Audit
        </h2>,
        <h3>
          Click an item below to schedule a replacement date
        </h3>,
        <div
          className="audit-cards-container"
        >
          <AuditCard
            brand=""
            category="Filters"
            id="JK1234"
            lastReplaced=""
            model=""
            name="Refrigerator Water Filter"
            purchaseLocation=""
            recommendation="6 months"
            room="Kitchen"
            type="Replace"
            userScheduled=""
          />
          <AuditCard
            brand=""
            category="Sponges"
            id="IF1234"
            lastReplaced=""
            model=""
            name="Sponge"
            purchaseLocation=""
            recommendation="2-4 weeks"
            room="Kitchen"
            type="Replace"
            userScheduled=""
          />
          <AuditCard
            brand=""
            category="Toothbrush"
            id="PF123"
            lastReplaced=""
            model=""
            name="Toothbrush"
            purchaseLocation=""
            recommendation="1-3 months"
            room="Bathroom"
            type="Replace"
            userScheduled=""
          />
        </div>,
      ],
      "className": "audit-container",
    },
    "ref": null,
    "rendered": Array [
      Object {
        "instance": null,
        "key": undefined,
        "nodeType": "host",
        "props": Object {
          "children": "Home Audit",
        },
        "ref": null,
        "rendered": "Home Audit",
        "type": "h2",
      },
      Object {
        "instance": null,
        "key": undefined,
        "nodeType": "host",
        "props": Object {
          "children": "Click an item below to schedule a replacement date",
        },
        "ref": null,
        "rendered": "Click an item below to schedule a replacement date",
        "type": "h3",
      },
      Object {
        "instance": null,
        "key": undefined,
        "nodeType": "host",
        "props": Object {
          "children": Array [
            <AuditCard
              brand=""
              category="Filters"
              id="JK1234"
              lastReplaced=""
              model=""
              name="Refrigerator Water Filter"
              purchaseLocation=""
              recommendation="6 months"
              room="Kitchen"
              type="Replace"
              userScheduled=""
            />,
            <AuditCard
              brand=""
              category="Sponges"
              id="IF1234"
              lastReplaced=""
              model=""
              name="Sponge"
              purchaseLocation=""
              recommendation="2-4 weeks"
              room="Kitchen"
              type="Replace"
              userScheduled=""
            />,
            <AuditCard
              brand=""
              category="Toothbrush"
              id="PF123"
              lastReplaced=""
              model=""
              name="Toothbrush"
              purchaseLocation=""
              recommendation="1-3 months"
              room="Bathroom"
              type="Replace"
              userScheduled=""
            />,
          ],
          "className": "audit-cards-container",
        },
        "ref": null,
        "rendered": Array [
          Object {
            "instance": null,
            "key": "JK1234",
            "nodeType": "function",
            "props": Object {
              "brand": "",
              "category": "Filters",
              "id": "JK1234",
              "lastReplaced": "",
              "model": "",
              "name": "Refrigerator Water Filter",
              "purchaseLocation": "",
              "recommendation": "6 months",
              "room": "Kitchen",
              "type": "Replace",
              "userScheduled": "",
            },
            "ref": null,
            "rendered": null,
            "type": [Function],
          },
          Object {
            "instance": null,
            "key": "IF1234",
            "nodeType": "function",
            "props": Object {
              "brand": "",
              "category": "Sponges",
              "id": "IF1234",
              "lastReplaced": "",
              "model": "",
              "name": "Sponge",
              "purchaseLocation": "",
              "recommendation": "2-4 weeks",
              "room": "Kitchen",
              "type": "Replace",
              "userScheduled": "",
            },
            "ref": null,
            "rendered": null,
            "type": [Function],
          },
          Object {
            "instance": null,
            "key": "PF123",
            "nodeType": "function",
            "props": Object {
              "brand": "",
              "category": "Toothbrush",
              "id": "PF123",
              "lastReplaced": "",
              "model": "",
              "name": "Toothbrush",
              "purchaseLocation": "",
              "recommendation": "1-3 months",
              "room": "Bathroom",
              "type": "Replace",
              "userScheduled": "",
            },
            "ref": null,
            "rendered": null,
            "type": [Function],
          },
        ],
        "type": "div",
      },
    ],
    "type": "div",
  },
  Symbol(enzyme.__nodes__): Array [
    Object {
      "instance": null,
      "key": undefined,
      "nodeType": "host",
      "props": Object {
        "children": Array [
          <h2>
            Home Audit
          </h2>,
          <h3>
            Click an item below to schedule a replacement date
          </h3>,
          <div
            className="audit-cards-container"
          >
            <AuditCard
              brand=""
              category="Filters"
              id="JK1234"
              lastReplaced=""
              model=""
              name="Refrigerator Water Filter"
              purchaseLocation=""
              recommendation="6 months"
              room="Kitchen"
              type="Replace"
              userScheduled=""
            />
            <AuditCard
              brand=""
              category="Sponges"
              id="IF1234"
              lastReplaced=""
              model=""
              name="Sponge"
              purchaseLocation=""
              recommendation="2-4 weeks"
              room="Kitchen"
              type="Replace"
              userScheduled=""
            />
            <AuditCard
              brand=""
              category="Toothbrush"
              id="PF123"
              lastReplaced=""
              model=""
              name="Toothbrush"
              purchaseLocation=""
              recommendation="1-3 months"
              room="Bathroom"
              type="Replace"
              userScheduled=""
            />
          </div>,
        ],
        "className": "audit-container",
      },
      "ref": null,
      "rendered": Array [
        Object {
          "instance": null,
          "key": undefined,
          "nodeType": "host",
          "props": Object {
            "children": "Home Audit",
          },
          "ref": null,
          "rendered": "Home Audit",
          "type": "h2",
        },
        Object {
          "instance": null,
          "key": undefined,
          "nodeType": "host",
          "props": Object {
            "children": "Click an item below to schedule a replacement date",
          },
          "ref": null,
          "rendered": "Click an item below to schedule a replacement date",
          "type": "h3",
        },
        Object {
          "instance": null,
          "key": undefined,
          "nodeType": "host",
          "props": Object {
            "children": Array [
              <AuditCard
                brand=""
                category="Filters"
                id="JK1234"
                lastReplaced=""
                model=""
                name="Refrigerator Water Filter"
                purchaseLocation=""
                recommendation="6 months"
                room="Kitchen"
                type="Replace"
                userScheduled=""
              />,
              <AuditCard
                brand=""
                category="Sponges"
                id="IF1234"
                lastReplaced=""
                model=""
                name="Sponge"
                purchaseLocation=""
                recommendation="2-4 weeks"
                room="Kitchen"
                type="Replace"
                userScheduled=""
              />,
              <AuditCard
                brand=""
                category="Toothbrush"
                id="PF123"
                lastReplaced=""
                model=""
                name="Toothbrush"
                purchaseLocation=""
                recommendation="1-3 months"
                room="Bathroom"
                type="Replace"
                userScheduled=""
              />,
            ],
            "className": "audit-cards-container",
          },
          "ref": null,
          "rendered": Array [
            Object {
              "instance": null,
              "key": "JK1234",
              "nodeType": "function",
              "props": Object {
                "brand": "",
                "category": "Filters",
                "id": "JK1234",
                "lastReplaced": "",
                "model": "",
                "name": "Refrigerator Water Filter",
                "purchaseLocation": "",
                "recommendation": "6 months",
                "room": "Kitchen",
                "type": "Replace",
                "userScheduled": "",
              },
              "ref": null,
              "rendered": null,
              "type": [Function],
            },
            Object {
              "instance": null,
              "key": "IF1234",
              "nodeType": "function",
              "props": Object {
                "brand": "",
                "category": "Sponges",
                "id": "IF1234",
                "lastReplaced": "",
                "model": "",
                "name": "Sponge",
                "purchaseLocation": "",
                "recommendation": "2-4 weeks",
                "room": "Kitchen",
                "type": "Replace",
                "userScheduled": "",
              },
              "ref": null,
              "rendered": null,
              "type": [Function],
            },
            Object {
              "instance": null,
              "key": "PF123",
              "nodeType": "function",
              "props": Object {
                "brand": "",
                "category": "Toothbrush",
                "id": "PF123",
                "lastReplaced": "",
                "model": "",
                "name": "Toothbrush",
                "purchaseLocation": "",
                "recommendation": "1-3 months",
                "room": "Bathroom",
                "type": "Replace",
                "userScheduled": "",
              },
              "ref": null,
              "rendered": null,
              "type": [Function],
            },
          ],
          "type": "div",
        },
      ],
      "type": "div",
    },
  ],
  Symbol(enzyme.__options__): Object {
    "adapter": ReactSixteenAdapter {
      "options": Object {
        "enableComponentDidUpdateOnSetState": true,
        "legacyContextMode": "parent",
        "lifecycles": Object {
          "componentDidUpdate": Object {
            "onSetState": true,
          },
          "getChildContext": Object {
            "calledByRenderer": false,
          },
          "getDerivedStateFromError": true,
          "getDerivedStateFromProps": Object {
            "hasShouldComponentUpdateBug": false,
          },
          "getSnapshotBeforeUpdate": true,
          "setState": Object {
            "skipsComponentDidUpdateOnNullish": true,
          },
        },
      },
    },
  },
  Symbol(enzyme.__childContext__): null,
}
`;
